// Jest Snapshot v1, https://goo.gl/fbAQLP

exports[`App should match the snapthot 1`] = `
<div
  className="app"
>
  <ConnectFunction />
</div>
`;
